=== INDEPENDENT RE-RUN: NULL, N_REPS=80, fresh seeds ===
  [NULL] rep 0: obs=+0.3570 n_scored=1426 n_surr=100 p_upper=0.9010
  [NULL] rep 1: obs=+0.3599 n_scored=1426 n_surr=100 p_upper=0.9604
  [NULL] rep 2: obs=+0.3975 n_scored=1426 n_surr=100 p_upper=0.4752
  [NULL] rep 3: obs=+0.3855 n_scored=1426 n_surr=100 p_upper=0.7525
  [NULL] rep 4: obs=+0.3741 n_scored=1426 n_surr=100 p_upper=0.6634
  [NULL] rep 5: obs=+0.4323 n_scored=1426 n_surr=100 p_upper=0.2376
  [NULL] rep 6: obs=+0.4092 n_scored=1426 n_surr=100 p_upper=0.3267
  [NULL] rep 7: obs=+0.3792 n_scored=1426 n_surr=100 p_upper=0.7525
  [NULL] rep 8: obs=+0.4046 n_scored=1426 n_surr=100 p_upper=0.3465
  [NULL] rep 9: obs=+0.3738 n_scored=1426 n_surr=100 p_upper=0.9208
  [NULL] rep 10: obs=+0.3692 n_scored=1426 n_surr=100 p_upper=0.8812
  [NULL] rep 11: obs=+0.4048 n_scored=1426 n_surr=100 p_upper=0.3465
  [NULL] rep 12: obs=+0.3588 n_scored=1426 n_surr=100 p_upper=0.7228
  [NULL] rep 13: obs=+0.3792 n_scored=1426 n_surr=100 p_upper=0.6832
  [NULL] rep 14: obs=+0.3529 n_scored=1426 n_surr=100 p_upper=0.8317
  [NULL] rep 15: obs=+0.4340 n_scored=1426 n_surr=100 p_upper=0.0792
  [NULL] rep 16: obs=+0.3698 n_scored=1426 n_surr=100 p_upper=0.6931
  [NULL] rep 17: obs=+0.4251 n_scored=1426 n_surr=100 p_upper=0.1881
  [NULL] rep 18: obs=+0.3680 n_scored=1426 n_surr=100 p_upper=0.8812
  [NULL] rep 19: obs=+0.3960 n_scored=1426 n_surr=100 p_upper=0.6139
  [NULL] rep 20: obs=+0.3566 n_scored=1426 n_surr=100 p_upper=0.8713
  [NULL] rep 21: obs=+0.4010 n_scored=1426 n_surr=100 p_upper=0.5644
  [NULL] rep 22: obs=+0.4213 n_scored=1426 n_surr=100 p_upper=0.2178
  [NULL] rep 23: obs=+0.3864 n_scored=1426 n_surr=100 p_upper=0.6337
  [NULL] rep 24: obs=+0.3942 n_scored=1426 n_surr=100 p_upper=0.4653
  [NULL] rep 25: obs=+0.3776 n_scored=1426 n_surr=100 p_upper=0.7228
  [NULL] rep 26: obs=+0.3784 n_scored=1426 n_surr=100 p_upper=0.8416
  [NULL] rep 27: obs=+0.4288 n_scored=1426 n_surr=100 p_upper=0.2970
  [NULL] rep 28: obs=+0.3218 n_scored=1426 n_surr=100 p_upper=1.0000
  [NULL] rep 29: obs=+0.3433 n_scored=1426 n_surr=100 p_upper=0.9505
  [NULL] rep 30: obs=+0.2943 n_scored=1426 n_surr=100 p_upper=0.9703
  [NULL] rep 31: obs=+0.4155 n_scored=1426 n_surr=100 p_upper=0.2970
  [NULL] rep 32: obs=+0.4101 n_scored=1426 n_surr=100 p_upper=0.4653
  [NULL] rep 33: obs=+0.3860 n_scored=1426 n_surr=100 p_upper=0.6040
  [NULL] rep 34: obs=+0.3947 n_scored=1426 n_surr=100 p_upper=0.4257
  [NULL] rep 35: obs=+0.3997 n_scored=1426 n_surr=100 p_upper=0.5248
  [NULL] rep 36: obs=+0.3845 n_scored=1426 n_surr=100 p_upper=0.7426
  [NULL] rep 37: obs=+0.4619 n_scored=1426 n_surr=100 p_upper=0.0495
  [NULL] rep 38: obs=+0.4026 n_scored=1426 n_surr=100 p_upper=0.4950
  [NULL] rep 39: obs=+0.3957 n_scored=1426 n_surr=100 p_upper=0.4059
  [NULL] rep 40: obs=+0.3489 n_scored=1426 n_surr=100 p_upper=0.9505
  [NULL] rep 41: obs=+0.3765 n_scored=1426 n_surr=100 p_upper=0.8119
  [NULL] rep 42: obs=+0.4223 n_scored=1426 n_surr=100 p_upper=0.1287
  [NULL] rep 43: obs=+0.4564 n_scored=1426 n_surr=100 p_upper=0.1683
  [NULL] rep 44: obs=+0.3855 n_scored=1426 n_surr=100 p_upper=0.8515
  [NULL] rep 45: obs=+0.4012 n_scored=1426 n_surr=100 p_upper=0.5347
  [NULL] rep 46: obs=+0.3757 n_scored=1426 n_surr=100 p_upper=0.7723
  [NULL] rep 47: obs=+0.4056 n_scored=1426 n_surr=100 p_upper=0.1782
  [NULL] rep 48: obs=+0.3913 n_scored=1426 n_surr=100 p_upper=0.7327
  [NULL] rep 49: obs=+0.3926 n_scored=1426 n_surr=100 p_upper=0.5644
  [NULL] rep 50: obs=+0.3762 n_scored=1426 n_surr=100 p_upper=0.5545
  [NULL] rep 51: obs=+0.3964 n_scored=1426 n_surr=100 p_upper=0.4455
  [NULL] rep 52: obs=+0.3849 n_scored=1426 n_surr=100 p_upper=0.5644
  [NULL] rep 53: obs=+0.4036 n_scored=1426 n_surr=100 p_upper=0.5248
  [NULL] rep 54: obs=+0.3495 n_scored=1426 n_surr=100 p_upper=0.9406
  [NULL] rep 55: obs=+0.3882 n_scored=1426 n_surr=100 p_upper=0.7723
  [NULL] rep 56: obs=+0.3888 n_scored=1426 n_surr=100 p_upper=0.4455
  [NULL] rep 57: obs=+0.4030 n_scored=1426 n_surr=100 p_upper=0.4752
  [NULL] rep 58: obs=+0.4345 n_scored=1426 n_surr=100 p_upper=0.1089
  [NULL] rep 59: obs=+0.3335 n_scored=1426 n_surr=100 p_upper=0.9604
  [NULL] rep 60: obs=+0.4412 n_scored=1426 n_surr=100 p_upper=0.2376
  [NULL] rep 61: obs=+0.4196 n_scored=1426 n_surr=100 p_upper=0.3465
  [NULL] rep 62: obs=+0.3730 n_scored=1426 n_surr=100 p_upper=0.5545
  [NULL] rep 63: obs=+0.3493 n_scored=1426 n_surr=100 p_upper=0.9406
  [NULL] rep 64: obs=+0.4471 n_scored=1426 n_surr=100 p_upper=0.1584
  [NULL] rep 65: obs=+0.4253 n_scored=1426 n_surr=100 p_upper=0.2178
  [NULL] rep 66: obs=+0.3581 n_scored=1426 n_surr=100 p_upper=0.8020
  [NULL] rep 67: obs=+0.3763 n_scored=1426 n_surr=100 p_upper=0.6931
  [NULL] rep 68: obs=+0.3494 n_scored=1426 n_surr=100 p_upper=0.7822
  [NULL] rep 69: obs=+0.3394 n_scored=1426 n_surr=100 p_upper=0.9901
  [NULL] rep 70: obs=+0.3142 n_scored=1426 n_surr=100 p_upper=0.9901
  [NULL] rep 71: obs=+0.3920 n_scored=1426 n_surr=100 p_upper=0.7129
  [NULL] rep 72: obs=+0.4279 n_scored=1426 n_surr=100 p_upper=0.3762
  [NULL] rep 73: obs=+0.3462 n_scored=1426 n_surr=100 p_upper=0.9604
  [NULL] rep 74: obs=+0.3724 n_scored=1426 n_surr=100 p_upper=0.7327
  [NULL] rep 75: obs=+0.4208 n_scored=1426 n_surr=100 p_upper=0.2376
  [NULL] rep 76: obs=+0.3566 n_scored=1426 n_surr=100 p_upper=0.9505
  [NULL] rep 77: obs=+0.3265 n_scored=1426 n_surr=100 p_upper=0.9901
  [NULL] rep 78: obs=+0.3445 n_scored=1426 n_surr=100 p_upper=0.8317
  [NULL] rep 79: obs=+0.4732 n_scored=1426 n_surr=100 p_upper=0.0594
[NULL] reject rate @alpha=0.05: 1/80 = 0.013  (mean obs=+0.3869)

=== INDEPENDENT RE-RUN: ALTERNATIVE boost=0.4, N_REPS=80, fresh seeds ===
  [ALT_boost0.4] rep 0: obs=+0.4292 n_scored=1426 n_surr=100 p_upper=0.6238
  [ALT_boost0.4] rep 1: obs=+0.4322 n_scored=1426 n_surr=100 p_upper=0.1881
  [ALT_boost0.4] rep 2: obs=+0.4957 n_scored=1426 n_surr=100 p_upper=0.0099
  [ALT_boost0.4] rep 3: obs=+0.4729 n_scored=1426 n_surr=100 p_upper=0.0693
  [ALT_boost0.4] rep 4: obs=+0.4218 n_scored=1426 n_surr=100 p_upper=0.5743
  [ALT_boost0.4] rep 5: obs=+0.4734 n_scored=1426 n_surr=100 p_upper=0.0396
  [ALT_boost0.4] rep 6: obs=+0.5286 n_scored=1426 n_surr=100 p_upper=0.0099
  [ALT_boost0.4] rep 7: obs=+0.4458 n_scored=1426 n_surr=100 p_upper=0.4059
  [ALT_boost0.4] rep 8: obs=+0.4590 n_scored=1426 n_surr=100 p_upper=0.0594
  [ALT_boost0.4] rep 9: obs=+0.4395 n_scored=1426 n_surr=100 p_upper=0.3168
  [ALT_boost0.4] rep 10: obs=+0.3990 n_scored=1426 n_surr=100 p_upper=0.8416
  [ALT_boost0.4] rep 11: obs=+0.4920 n_scored=1426 n_surr=100 p_upper=0.0594
  [ALT_boost0.4] rep 12: obs=+0.4350 n_scored=1426 n_surr=100 p_upper=0.2970
  [ALT_boost0.4] rep 13: obs=+0.4843 n_scored=1426 n_surr=100 p_upper=0.0396
  [ALT_boost0.4] rep 14: obs=+0.5381 n_scored=1426 n_surr=100 p_upper=0.0099
  [ALT_boost0.4] rep 15: obs=+0.4700 n_scored=1426 n_surr=100 p_upper=0.1089
  [ALT_boost0.4] rep 16: obs=+0.4856 n_scored=1426 n_surr=100 p_upper=0.0792
  [ALT_boost0.4] rep 17: obs=+0.5204 n_scored=1426 n_surr=100 p_upper=0.0099
  [ALT_boost0.4] rep 18: obs=+0.4155 n_scored=1426 n_surr=100 p_upper=0.7030
  [ALT_boost0.4] rep 19: obs=+0.4550 n_scored=1426 n_surr=100 p_upper=0.2376
  [ALT_boost0.4] rep 20: obs=+0.5158 n_scored=1426 n_surr=100 p_upper=0.0198
  [ALT_boost0.4] rep 21: obs=+0.5000 n_scored=1426 n_surr=100 p_upper=0.0198
  [ALT_boost0.4] rep 22: obs=+0.5212 n_scored=1426 n_surr=100 p_upper=0.0198
  [ALT_boost0.4] rep 23: obs=+0.4165 n_scored=1426 n_surr=100 p_upper=0.5743
  [ALT_boost0.4] rep 24: obs=+0.4101 n_scored=1426 n_surr=100 p_upper=0.6634
  [ALT_boost0.4] rep 25: obs=+0.4935 n_scored=1426 n_surr=100 p_upper=0.0099
  [ALT_boost0.4] rep 26: obs=+0.4581 n_scored=1426 n_surr=100 p_upper=0.1287
  [ALT_boost0.4] rep 27: obs=+0.4466 n_scored=1426 n_surr=100 p_upper=0.0792
  [ALT_boost0.4] rep 28: obs=+0.5138 n_scored=1426 n_surr=100 p_upper=0.0198
  [ALT_boost0.4] rep 29: obs=+0.4974 n_scored=1426 n_surr=100 p_upper=0.0297
  [ALT_boost0.4] rep 30: obs=+0.4829 n_scored=1426 n_surr=100 p_upper=0.0198
  [ALT_boost0.4] rep 31: obs=+0.5139 n_scored=1426 n_surr=100 p_upper=0.0099
  [ALT_boost0.4] rep 32: obs=+0.5231 n_scored=1426 n_surr=100 p_upper=0.0198
  [ALT_boost0.4] rep 33: obs=+0.4550 n_scored=1426 n_surr=100 p_upper=0.2475
  [ALT_boost0.4] rep 34: obs=+0.4239 n_scored=1426 n_surr=100 p_upper=0.3069
  [ALT_boost0.4] rep 35: obs=+0.4493 n_scored=1426 n_surr=100 p_upper=0.3069
  [ALT_boost0.4] rep 36: obs=+0.4541 n_scored=1426 n_surr=100 p_upper=0.1683
  [ALT_boost0.4] rep 37: obs=+0.5317 n_scored=1426 n_surr=100 p_upper=0.0099
  [ALT_boost0.4] rep 38: obs=+0.5000 n_scored=1426 n_surr=100 p_upper=0.0297
  [ALT_boost0.4] rep 39: obs=+0.4728 n_scored=1426 n_surr=100 p_upper=0.1485
  [ALT_boost0.4] rep 40: obs=+0.4698 n_scored=1426 n_surr=100 p_upper=0.0297
  [ALT_boost0.4] rep 41: obs=+0.4736 n_scored=1426 n_surr=100 p_upper=0.0693
  [ALT_boost0.4] rep 42: obs=+0.3842 n_scored=1426 n_surr=100 p_upper=0.9010
  [ALT_boost0.4] rep 43: obs=+0.4762 n_scored=1426 n_surr=100 p_upper=0.0396
  [ALT_boost0.4] rep 44: obs=+0.5051 n_scored=1426 n_surr=100 p_upper=0.0099
  [ALT_boost0.4] rep 45: obs=+0.5139 n_scored=1426 n_surr=100 p_upper=0.0099
  [ALT_boost0.4] rep 46: obs=+0.4089 n_scored=1426 n_surr=100 p_upper=0.6040
  [ALT_boost0.4] rep 47: obs=+0.4703 n_scored=1426 n_surr=100 p_upper=0.1188
  [ALT_boost0.4] rep 48: obs=+0.5070 n_scored=1426 n_surr=100 p_upper=0.0099
  [ALT_boost0.4] rep 49: obs=+0.4495 n_scored=1426 n_surr=100 p_upper=0.2475
  [ALT_boost0.4] rep 50: obs=+0.4619 n_scored=1426 n_surr=100 p_upper=0.3366
  [ALT_boost0.4] rep 51: obs=+0.4698 n_scored=1426 n_surr=100 p_upper=0.0990
  [ALT_boost0.4] rep 52: obs=+0.5399 n_scored=1426 n_surr=100 p_upper=0.0099
  [ALT_boost0.4] rep 53: obs=+0.4903 n_scored=1426 n_surr=100 p_upper=0.0792
  [ALT_boost0.4] rep 54: obs=+0.4977 n_scored=1426 n_surr=100 p_upper=0.0198
  [ALT_boost0.4] rep 55: obs=+0.4854 n_scored=1426 n_surr=100 p_upper=0.0594
  [ALT_boost0.4] rep 56: obs=+0.4928 n_scored=1426 n_surr=100 p_upper=0.0099
  [ALT_boost0.4] rep 57: obs=+0.4871 n_scored=1426 n_surr=100 p_upper=0.0594
  [ALT_boost0.4] rep 58: obs=+0.4833 n_scored=1426 n_surr=100 p_upper=0.0297
  [ALT_boost0.4] rep 59: obs=+0.4811 n_scored=1426 n_surr=100 p_upper=0.0594
  [ALT_boost0.4] rep 60: obs=+0.4366 n_scored=1426 n_surr=100 p_upper=0.2970
  [ALT_boost0.4] rep 61: obs=+0.4626 n_scored=1426 n_surr=100 p_upper=0.2376
  [ALT_boost0.4] rep 62: obs=+0.5023 n_scored=1426 n_surr=100 p_upper=0.0099
  [ALT_boost0.4] rep 63: obs=+0.5045 n_scored=1426 n_surr=100 p_upper=0.0099
  [ALT_boost0.4] rep 64: obs=+0.4541 n_scored=1426 n_surr=100 p_upper=0.2574
  [ALT_boost0.4] rep 65: obs=+0.4685 n_scored=1426 n_surr=100 p_upper=0.0594
  [ALT_boost0.4] rep 66: obs=+0.5140 n_scored=1426 n_surr=100 p_upper=0.0198
  [ALT_boost0.4] rep 67: obs=+0.4714 n_scored=1426 n_surr=100 p_upper=0.0990
  [ALT_boost0.4] rep 68: obs=+0.4727 n_scored=1426 n_surr=100 p_upper=0.0594
  [ALT_boost0.4] rep 69: obs=+0.4335 n_scored=1426 n_surr=100 p_upper=0.2871
  [ALT_boost0.4] rep 70: obs=+0.4466 n_scored=1426 n_surr=100 p_upper=0.2772
  [ALT_boost0.4] rep 71: obs=+0.5017 n_scored=1426 n_surr=100 p_upper=0.0099
  [ALT_boost0.4] rep 72: obs=+0.4498 n_scored=1426 n_surr=100 p_upper=0.2376
  [ALT_boost0.4] rep 73: obs=+0.4902 n_scored=1426 n_surr=100 p_upper=0.0495
  [ALT_boost0.4] rep 74: obs=+0.4821 n_scored=1426 n_surr=100 p_upper=0.0297
  [ALT_boost0.4] rep 75: obs=+0.4741 n_scored=1426 n_surr=100 p_upper=0.0396
  [ALT_boost0.4] rep 76: obs=+0.4502 n_scored=1426 n_surr=100 p_upper=0.1386
  [ALT_boost0.4] rep 77: obs=+0.4977 n_scored=1426 n_surr=100 p_upper=0.0198
  [ALT_boost0.4] rep 78: obs=+0.4954 n_scored=1426 n_surr=100 p_upper=0.0198
  [ALT_boost0.4] rep 79: obs=+0.4955 n_scored=1426 n_surr=100 p_upper=0.0396
[ALT_boost0.4] reject rate @alpha=0.05: 36/80 = 0.450  (mean obs=+0.4740)

=== INDEPENDENT RE-RUN: ALTERNATIVE boost=0.2 (smaller/more subtle effect), N_REPS=80 ===
  [ALT_boost0.2] rep 0: obs=+0.4933 n_scored=1426 n_surr=100 p_upper=0.0198
  [ALT_boost0.2] rep 1: obs=+0.4751 n_scored=1426 n_surr=100 p_upper=0.0396
  [ALT_boost0.2] rep 2: obs=+0.4244 n_scored=1426 n_surr=100 p_upper=0.2079
  [ALT_boost0.2] rep 3: obs=+0.5141 n_scored=1426 n_surr=100 p_upper=0.0099
  [ALT_boost0.2] rep 4: obs=+0.4709 n_scored=1426 n_surr=100 p_upper=0.0990
  [ALT_boost0.2] rep 5: obs=+0.3996 n_scored=1426 n_surr=100 p_upper=0.7030
  [ALT_boost0.2] rep 6: obs=+0.4489 n_scored=1426 n_surr=100 p_upper=0.2574
  [ALT_boost0.2] rep 7: obs=+0.4921 n_scored=1426 n_surr=100 p_upper=0.0099
  [ALT_boost0.2] rep 8: obs=+0.4886 n_scored=1426 n_surr=100 p_upper=0.0198
  [ALT_boost0.2] rep 9: obs=+0.4167 n_scored=1426 n_surr=100 p_upper=0.6139
  [ALT_boost0.2] rep 10: obs=+0.4279 n_scored=1426 n_surr=100 p_upper=0.4257
  [ALT_boost0.2] rep 11: obs=+0.3961 n_scored=1426 n_surr=100 p_upper=0.8317
  [ALT_boost0.2] rep 12: obs=+0.4484 n_scored=1426 n_surr=100 p_upper=0.2079
  [ALT_boost0.2] rep 13: obs=+0.4317 n_scored=1426 n_surr=100 p_upper=0.1782
  [ALT_boost0.2] rep 14: obs=+0.4783 n_scored=1426 n_surr=100 p_upper=0.0594
  [ALT_boost0.2] rep 15: obs=+0.4429 n_scored=1426 n_surr=100 p_upper=0.2475
  [ALT_boost0.2] rep 16: obs=+0.4608 n_scored=1426 n_surr=100 p_upper=0.1683
  [ALT_boost0.2] rep 17: obs=+0.4537 n_scored=1426 n_surr=100 p_upper=0.1287
  [ALT_boost0.2] rep 18: obs=+0.4611 n_scored=1426 n_surr=100 p_upper=0.1089
  [ALT_boost0.2] rep 19: obs=+0.4146 n_scored=1426 n_surr=100 p_upper=0.5446
  [ALT_boost0.2] rep 20: obs=+0.4056 n_scored=1426 n_surr=100 p_upper=0.6931
  [ALT_boost0.2] rep 21: obs=+0.4100 n_scored=1426 n_surr=100 p_upper=0.5842
  [ALT_boost0.2] rep 22: obs=+0.4902 n_scored=1426 n_surr=100 p_upper=0.0297
  [ALT_boost0.2] rep 23: obs=+0.4128 n_scored=1426 n_surr=100 p_upper=0.3366
  [ALT_boost0.2] rep 24: obs=+0.4903 n_scored=1426 n_surr=100 p_upper=0.0099
  [ALT_boost0.2] rep 25: obs=+0.4317 n_scored=1426 n_surr=100 p_upper=0.2475
  [ALT_boost0.2] rep 26: obs=+0.4295 n_scored=1426 n_surr=100 p_upper=0.1980
  [ALT_boost0.2] rep 27: obs=+0.4060 n_scored=1426 n_surr=100 p_upper=0.5248
  [ALT_boost0.2] rep 28: obs=+0.4504 n_scored=1426 n_surr=100 p_upper=0.1683
  [ALT_boost0.2] rep 29: obs=+0.4623 n_scored=1426 n_surr=100 p_upper=0.0990
  [ALT_boost0.2] rep 30: obs=+0.4744 n_scored=1426 n_surr=100 p_upper=0.0495
  [ALT_boost0.2] rep 31: obs=+0.4697 n_scored=1426 n_surr=100 p_upper=0.0594
  [ALT_boost0.2] rep 32: obs=+0.5091 n_scored=1426 n_surr=100 p_upper=0.0099
  [ALT_boost0.2] rep 33: obs=+0.4512 n_scored=1426 n_surr=100 p_upper=0.1584
  [ALT_boost0.2] rep 34: obs=+0.4265 n_scored=1426 n_surr=100 p_upper=0.2079
  [ALT_boost0.2] rep 35: obs=+0.4169 n_scored=1426 n_surr=100 p_upper=0.4257
  [ALT_boost0.2] rep 36: obs=+0.4520 n_scored=1426 n_surr=100 p_upper=0.2376
  [ALT_boost0.2] rep 37: obs=+0.4611 n_scored=1426 n_surr=100 p_upper=0.1188
  [ALT_boost0.2] rep 38: obs=+0.4397 n_scored=1426 n_surr=100 p_upper=0.3861
  [ALT_boost0.2] rep 39: obs=+0.5166 n_scored=1426 n_surr=100 p_upper=0.0099
  [ALT_boost0.2] rep 40: obs=+0.4769 n_scored=1426 n_surr=100 p_upper=0.0495
  [ALT_boost0.2] rep 41: obs=+0.4876 n_scored=1426 n_surr=100 p_upper=0.0396
  [ALT_boost0.2] rep 42: obs=+0.5560 n_scored=1426 n_surr=100 p_upper=0.0099
  [ALT_boost0.2] rep 43: obs=+0.4240 n_scored=1426 n_surr=100 p_upper=0.5743
  [ALT_boost0.2] rep 44: obs=+0.4717 n_scored=1426 n_surr=100 p_upper=0.0495
  [ALT_boost0.2] rep 45: obs=+0.4465 n_scored=1426 n_surr=100 p_upper=0.1881
  [ALT_boost0.2] rep 46: obs=+0.4298 n_scored=1426 n_surr=100 p_upper=0.3861
  [ALT_boost0.2] rep 47: obs=+0.4930 n_scored=1426 n_surr=100 p_upper=0.0495
  [ALT_boost0.2] rep 48: obs=+0.5260 n_scored=1426 n_surr=100 p_upper=0.0099
  [ALT_boost0.2] rep 49: obs=+0.4078 n_scored=1426 n_surr=100 p_upper=0.4851
  [ALT_boost0.2] rep 50: obs=+0.4940 n_scored=1426 n_surr=100 p_upper=0.0396
  [ALT_boost0.2] rep 51: obs=+0.4571 n_scored=1426 n_surr=100 p_upper=0.1386
  [ALT_boost0.2] rep 52: obs=+0.5129 n_scored=1426 n_surr=100 p_upper=0.0099
  [ALT_boost0.2] rep 53: obs=+0.4817 n_scored=1426 n_surr=100 p_upper=0.0495
  [ALT_boost0.2] rep 54: obs=+0.4545 n_scored=1426 n_surr=100 p_upper=0.1584
  [ALT_boost0.2] rep 55: obs=+0.4637 n_scored=1426 n_surr=100 p_upper=0.1881
  [ALT_boost0.2] rep 56: obs=+0.4414 n_scored=1426 n_surr=100 p_upper=0.0990
  [ALT_boost0.2] rep 57: obs=+0.4529 n_scored=1426 n_surr=100 p_upper=0.0990
  [ALT_boost0.2] rep 58: obs=+0.4049 n_scored=1426 n_surr=100 p_upper=0.6733
  [ALT_boost0.2] rep 59: obs=+0.4780 n_scored=1426 n_surr=100 p_upper=0.0396
  [ALT_boost0.2] rep 60: obs=+0.4813 n_scored=1426 n_surr=100 p_upper=0.0396
  [ALT_boost0.2] rep 61: obs=+0.3955 n_scored=1426 n_surr=100 p_upper=0.7723
  [ALT_boost0.2] rep 62: obs=+0.4533 n_scored=1426 n_surr=100 p_upper=0.0594
  [ALT_boost0.2] rep 63: obs=+0.4268 n_scored=1426 n_surr=100 p_upper=0.4752
  [ALT_boost0.2] rep 64: obs=+0.3989 n_scored=1426 n_surr=100 p_upper=0.4356
  [ALT_boost0.2] rep 65: obs=+0.4562 n_scored=1426 n_surr=100 p_upper=0.1188
  [ALT_boost0.2] rep 66: obs=+0.4240 n_scored=1426 n_surr=100 p_upper=0.3564
  [ALT_boost0.2] rep 67: obs=+0.4433 n_scored=1426 n_surr=100 p_upper=0.2079
  [ALT_boost0.2] rep 68: obs=+0.5000 n_scored=1426 n_surr=100 p_upper=0.0099
  [ALT_boost0.2] rep 69: obs=+0.5048 n_scored=1426 n_surr=100 p_upper=0.0198
  [ALT_boost0.2] rep 70: obs=+0.4350 n_scored=1426 n_surr=100 p_upper=0.2277
  [ALT_boost0.2] rep 71: obs=+0.4773 n_scored=1426 n_surr=100 p_upper=0.0891
  [ALT_boost0.2] rep 72: obs=+0.4567 n_scored=1426 n_surr=100 p_upper=0.1089
  [ALT_boost0.2] rep 73: obs=+0.4507 n_scored=1426 n_surr=100 p_upper=0.4356
  [ALT_boost0.2] rep 74: obs=+0.4581 n_scored=1426 n_surr=100 p_upper=0.1386
  [ALT_boost0.2] rep 75: obs=+0.4076 n_scored=1426 n_surr=100 p_upper=0.5644
  [ALT_boost0.2] rep 76: obs=+0.5006 n_scored=1426 n_surr=100 p_upper=0.0198
  [ALT_boost0.2] rep 77: obs=+0.4873 n_scored=1426 n_surr=100 p_upper=0.0198
  [ALT_boost0.2] rep 78: obs=+0.3928 n_scored=1426 n_surr=100 p_upper=0.6931
  [ALT_boost0.2] rep 79: obs=+0.4709 n_scored=1426 n_surr=100 p_upper=0.0594
[ALT_boost0.2] reject rate @alpha=0.05: 25/80 = 0.312  (mean obs=+0.4553)


Null p_upper distribution: n=80 mean=0.5981 sd=0.2787 (Uniform(0,1) reference: mean=0.5, sd=0.2887)
KS test vs Uniform(0,1): stat=0.1582 p=0.0325

Null false-positive rate: 1/80 = 0.013  95% CI=[0.000,0.068]
Alt power (boost=0.4): 0.450   Alt power (boost=0.2): 0.312

Wrote _adversarial_rerun_results.json
